// Jest Snapshot v1, https://goo.gl/fbAQLP

exports[`should load Add post page component correctly 1`] = `
<PostForm
  onSubmit={[Function]}
/>
`;
